<html>
<body>
<pre>
<h1>µVision Build Log</h1>
<h2>Tool Versions:</h2>
IDE-Version: ¦ÌVision V5.15
Copyright (C) 2015 ARM Ltd and ARM Germany GmbH. All rights reserved.
License Information:  ,  , LIC=CRMX7-EWBFW-9ZKWW-Q7980-T15V5-KTPTM
 
Tool Versions:
Toolchain:       MDK-ARM Professional  Version: 5.15.0
Toolchain Path:  C:\Keil_v5\ARM\ARMCC\Bin
C Compiler:      Armcc.exe V5.05 update 2 (build 169)
Assembler:       Armasm.exe V5.05 update 2 (build 169)
Linker/Locator:  ArmLink.exe V5.05 update 2 (build 169)
Library Manager: ArmAr.exe V5.05 update 2 (build 169)
Hex Converter:   FromElf.exe V5.05 update 2 (build 169)
CPU DLL:         SARMCM3.DLL V5.15.0
Dialog DLL:      DARMSTM.DLL V1.65.0.0
Target DLL:      CMSIS_AGDI.dll V1.21.12.0
Dialog DLL:      TARMSTM.DLL V1.64.0.0
 
<h2>Project:</h2>
C:\Users\THINK\Desktop\GSM_Contrl_Elec_V1.0\Project\RVMDK£¨uv5£©\BH-F103.uvprojx
Project File Date:  02/24/2018

<h2>Output:</h2>
*** Using Compiler 'V5.05 update 2 (build 169)', folder: 'C:\Keil_v5\ARM\ARMCC\Bin'
Build target 'USART'
compiling main.c...
..\..\User\main.c(50): warning:  #177-D: variable "i" was declared but never referenced
        u8 i = 0;
..\..\User\main.c(51): warning:  #177-D: variable "zj_cnt" was declared but never referenced
        u8 zj_cnt = 0;
..\..\User\main.c(227): warning:  #177-D: variable "num" was declared but never referenced
        int num = 0;
..\..\User\main.c: 3 warnings, 0 errors
linking...
Program Size: Code=5448 RO-data=336 RW-data=48 ZI-data=1128  
FromELF: creating hex file...
"..\..\Output\USART.axf" - 0 Error(s), 3 Warning(s).

<h2>Collection of Component include folders:</h2>
  C:\Users\THINK\Desktop\GSM_Contrl_Elec_V1.0\Project\RVMDK£¨uv5£©\RTE
  C:\Keil_v5\ARM\PACK\Keil\STM32F1xx_DFP\1.1.0\Device\Include

<h2>Collection of Component Files used:</h2>
</pre>
</body>
</html>
