<html>
<body>
<pre>
<h1>µVision Build Log</h1>
<h2>Tool Versions:</h2>
IDE-Version: ¦ÌVision V5.15
Copyright (C) 2015 ARM Ltd and ARM Germany GmbH. All rights reserved.
License Information:  ,  , LIC=CRMX7-EWBFW-9ZKWW-Q7980-T15V5-KTPTM
 
Tool Versions:
Toolchain:       MDK-ARM Professional  Version: 5.15.0
Toolchain Path:  C:\Keil_v5\ARM\ARMCC\Bin
C Compiler:      Armcc.exe V5.05 update 2 (build 169)
Assembler:       Armasm.exe V5.05 update 2 (build 169)
Linker/Locator:  ArmLink.exe V5.05 update 2 (build 169)
Library Manager: ArmAr.exe V5.05 update 2 (build 169)
Hex Converter:   FromElf.exe V5.05 update 2 (build 169)
CPU DLL:         SARMCM3.DLL V5.15.0
Dialog DLL:      DCM.DLL V1.13.2.0
Target DLL:      CMSIS_AGDI.dll V1.21.12.0
Dialog DLL:      TCM.DLL V1.14.5.0
 
<h2>Project:</h2>
C:\Users\THINK\Desktop\ADC_2_OLED\Project\RVMDK£¨uv5£©\BH-F103.uvprojx
Project File Date:  01/24/2018

<h2>Output:</h2>
*** Using Compiler 'V5.05 update 2 (build 169)', folder: 'C:\Keil_v5\ARM\ARMCC\Bin'
Build target 'Led'
compiling main.c...
..\..\User\main.c(51): warning:  #177-D: variable "adc1" was declared but never referenced
        char adc1[4];
..\..\User\main.c(52): warning:  #177-D: variable "adc2" was declared but never referenced
        char adc2[4];
..\..\User\main.c(53): warning:  #177-D: variable "adc3" was declared but never referenced
        char adc3[4];
..\..\User\main.c(54): warning:  #177-D: variable "adc4" was declared but never referenced
        char adc4[4];
..\..\User\main.c(55): warning:  #177-D: variable "adc5" was declared but never referenced
        char adc5[4];
..\..\User\main.c: 5 warnings, 0 errors
linking...
Program Size: Code=8028 RO-data=2672 RW-data=44 ZI-data=1060  
FromELF: creating hex file...
"..\..\Output\Á÷Ë®µÆ.axf" - 0 Error(s), 5 Warning(s).

<h2>Collection of Component include folders:</h2>
  C:\Users\THINK\Desktop\ADC_2_OLED\Project\RVMDK£¨uv5£©\RTE
  C:\Keil_v5\ARM\PACK\Keil\STM32F1xx_DFP\1.1.0\Device\Include

<h2>Collection of Component Files used:</h2>
</pre>
</body>
</html>
